// Jest Snapshot v1, https://goo.gl/fbAQLP

exports[`<BooksList /> matches the snapshot 1`] = `
<Route>
  <Component />
</Route>
`;
